 gcc -g p1final.c
 gdb a.out
GNU gdb (Ubuntu 8.1.1-0ubuntu1) 8.1.1
Copyright (C) 2018 Free Software Foundation, Inc.
License GPLv3+: GNU GPL version 3 or later <http://gnu.org/licenses/gpl.html>
This is free software: you are free to change and redistribute it.
There is NO WARRANTY, to the extent permitted by law.  Type "show copying"
and "show warranty" for details.
This GDB was configured as "x86_64-linux-gnu".
Type "show configuration" for configuration details.
For bug reporting instructions, please see:
<http://www.gnu.org/software/gdb/bugs/>.
Find the GDB manual and other documentation resources online at:
<http://www.gnu.org/software/gdb/documentation/>.
For help, type "help".
Type "apropos word" to search for commands related to "word"...
Reading symbols from a.out...done.
(gdb) b main
Breakpoint 1 at 0x722: file p1final.c, line 2.
(gdb) n
The program is not being run.
(gdb) r
Starting program: /home/runner/pps-test1-5/a.out 
warning: Error disabling address space randomization: Operation not permitted

Breakpoint 1, main () at p1final.c:2
2   int main(){
(gdb) n
4     printf("Enter the first number");
(gdb) n
5     scanf("%d" ,&a);
(gdb) n
Enter the first number 5
6     printf("Enter second number");
(gdb) 4
Undefined command: "4".  Try "help".
(gdb) n
7     scanf("%d" ,&b);
(gdb) n
Enter second number 4
8     c=a+b;
(gdb) 9
Undefined command: "9".  Try "help".
(gdb) n
9     printf("Sum of %d and %d is %d ",a,b,c);
(gdb) 9
Undefined command: "9".  Try "help".
(gdb) n
 
 gcc -g p1final.c
 gdb a.out
GNU gdb (Ubuntu 8.1.1-0ubuntu1) 8.1.1
Copyright (C) 2018 Free Software Foundation, Inc.
License GPLv3+: GNU GPL version 3 or later <http://gnu.org/licenses/gpl.html>
This is free software: you are free to change and redistribute it.
There is NO WARRANTY, to the extent permitted by law.  Type "show copying"
and "show warranty" for details.
 
 gcc -g p1final.c
 gdb a.out
GNU gdb (Ubuntu 8.1.1-0ubuntu1) 8.1.1
Copyright (C) 2018 Free Software Foundation, Inc.
License GPLv3+: GNU GPL version 3 or later <http://gnu.org/licenses/gpl.html>
This is free software: you are free to change and redistribute it.
There is NO WARRANTY, to the extent permitted by law.  Type "show copying"
and "show warranty" for details.
This GDB was configured as "x86_64-linux-gnu".
Type "show configuration" for configuration details.
For bug reporting instructions, please see:
<http://www.gnu.org/software/gdb/bugs/>.
Find the GDB manual and other documentation resources online at:
<http://www.gnu.org/software/gdb/documentation/>.
For help, type "help".
Type "apropos word" to search for commands related to "word"...
Reading symbols from a.out...done.
(gdb) b main
Breakpoint 1 at 0x722: file p1final.c, line 2.
(gdb) r
Starting program: /home/runner/pps-test1-5/a.out 
warning: Error disabling address space randomization: Operation not permitted

Breakpoint 1, main () at p1final.c:2
2   int main(){
(gdb) n
4     printf("Enter the first number");
(gdb) n
5     scanf("%d" ,&a);
(gdb) n
Enter the first number 4
6     printf("Enter second number");
(gdb) n
7     scanf("%d" ,&b);
(gdb) n
Enter second number 5
8     c=a+b;
(gdb) n
9     printf("Sum of %d and %d is %d ",a,b,c);
(gdb) n
10    return 0;
(gdb) c
Continuing.
Sum of 4 and 5 is 9 [Inferior 1 (process 2970) exited normally]
(gdb) 